[0.497s] Invoking command in '/home/administrador/youtube_robot/src/modelo_robot': PYTHONPATH=/home/administrador/youtube_robot/build/modelo_robot/prefix_override:/usr/lib/python3/dist-packages/colcon_core/task/python/colcon_distutils_commands:/home/administrador/youtube_robot/install/modelo_robot/lib/python3.8/site-packages:${PYTHONPATH} /usr/bin/python3 -W ignore:setup.py install is deprecated setup.py egg_info --egg-base ../../build/modelo_robot build --build-base /home/administrador/youtube_robot/build/modelo_robot/build install --record /home/administrador/youtube_robot/build/modelo_robot/install.log --install-scripts $base/lib/modelo_robot --single-version-externally-managed install_data
[0.662s] running egg_info
[0.662s] writing ../../build/modelo_robot/modelo_robot.egg-info/PKG-INFO
[0.662s] writing dependency_links to ../../build/modelo_robot/modelo_robot.egg-info/dependency_links.txt
[0.663s] writing entry points to ../../build/modelo_robot/modelo_robot.egg-info/entry_points.txt
[0.663s] writing requirements to ../../build/modelo_robot/modelo_robot.egg-info/requires.txt
[0.663s] writing top-level names to ../../build/modelo_robot/modelo_robot.egg-info/top_level.txt
[0.688s] reading manifest file '../../build/modelo_robot/modelo_robot.egg-info/SOURCES.txt'
[0.688s] writing manifest file '../../build/modelo_robot/modelo_robot.egg-info/SOURCES.txt'
[0.689s] running build
[0.689s] running build_py
[0.689s] running install
[0.689s] running install_lib
[0.690s] running install_data
[0.690s] copying urdf/Seguidor_linea_robot.urdf -> /home/administrador/youtube_robot/install/modelo_robot/share/modelo_robot/urdf
[0.691s] copying meshes/Ensamble_5.stl -> /home/administrador/youtube_robot/install/modelo_robot/share/modelo_robot/meshes
[0.691s] copying meshes/Ensamble_6_Pinza.stl -> /home/administrador/youtube_robot/install/modelo_robot/share/modelo_robot/meshes
[0.692s] copying meshes/Ensamble_2.stl -> /home/administrador/youtube_robot/install/modelo_robot/share/modelo_robot/meshes
[0.692s] copying meshes/Ensamblaje3.stl -> /home/administrador/youtube_robot/install/modelo_robot/share/modelo_robot/meshes
[0.692s] copying meshes/Ensamble_4.stl -> /home/administrador/youtube_robot/install/modelo_robot/share/modelo_robot/meshes
[0.693s] copying meshes/Ensamble_1.stl -> /home/administrador/youtube_robot/install/modelo_robot/share/modelo_robot/meshes
[0.693s] creating /home/administrador/youtube_robot/install/modelo_robot/share/modelo_robot/config
[0.693s] running install_egg_info
[0.694s] removing '/home/administrador/youtube_robot/install/modelo_robot/lib/python3.8/site-packages/modelo_robot-0.0.0-py3.8.egg-info' (and everything under it)
[0.694s] Copying ../../build/modelo_robot/modelo_robot.egg-info to /home/administrador/youtube_robot/install/modelo_robot/lib/python3.8/site-packages/modelo_robot-0.0.0-py3.8.egg-info
[0.695s] running install_scripts
[0.706s] writing list of installed files to '/home/administrador/youtube_robot/build/modelo_robot/install.log'
[0.718s] Invoked command in '/home/administrador/youtube_robot/src/modelo_robot' returned '0': PYTHONPATH=/home/administrador/youtube_robot/build/modelo_robot/prefix_override:/usr/lib/python3/dist-packages/colcon_core/task/python/colcon_distutils_commands:/home/administrador/youtube_robot/install/modelo_robot/lib/python3.8/site-packages:${PYTHONPATH} /usr/bin/python3 -W ignore:setup.py install is deprecated setup.py egg_info --egg-base ../../build/modelo_robot build --build-base /home/administrador/youtube_robot/build/modelo_robot/build install --record /home/administrador/youtube_robot/build/modelo_robot/install.log --install-scripts $base/lib/modelo_robot --single-version-externally-managed install_data
