[0.504s] Invoking command in '/home/administrador/youtube_robot/src/modelo_robot': PYTHONPATH=/home/administrador/youtube_robot/build/modelo_robot/prefix_override:/usr/lib/python3/dist-packages/colcon_core/task/python/colcon_distutils_commands:/home/administrador/youtube_robot/install/modelo_robot/lib/python3.8/site-packages:${PYTHONPATH} /usr/bin/python3 -W ignore:setup.py install is deprecated setup.py egg_info --egg-base ../../build/modelo_robot build --build-base /home/administrador/youtube_robot/build/modelo_robot/build install --record /home/administrador/youtube_robot/build/modelo_robot/install.log --install-scripts $base/lib/modelo_robot --single-version-externally-managed install_data
[0.671s] running egg_info
[0.671s] creating ../../build/modelo_robot/modelo_robot.egg-info
[0.672s] writing ../../build/modelo_robot/modelo_robot.egg-info/PKG-INFO
[0.672s] writing dependency_links to ../../build/modelo_robot/modelo_robot.egg-info/dependency_links.txt
[0.672s] writing entry points to ../../build/modelo_robot/modelo_robot.egg-info/entry_points.txt
[0.672s] writing requirements to ../../build/modelo_robot/modelo_robot.egg-info/requires.txt
[0.672s] writing top-level names to ../../build/modelo_robot/modelo_robot.egg-info/top_level.txt
[0.673s] writing manifest file '../../build/modelo_robot/modelo_robot.egg-info/SOURCES.txt'
[0.698s] reading manifest file '../../build/modelo_robot/modelo_robot.egg-info/SOURCES.txt'
[0.699s] writing manifest file '../../build/modelo_robot/modelo_robot.egg-info/SOURCES.txt'
[0.699s] running build
[0.699s] running build_py
[0.699s] creating /home/administrador/youtube_robot/build/modelo_robot/build
[0.699s] creating /home/administrador/youtube_robot/build/modelo_robot/build/lib
[0.699s] creating /home/administrador/youtube_robot/build/modelo_robot/build/lib/modelo_robot
[0.700s] copying modelo_robot/__init__.py -> /home/administrador/youtube_robot/build/modelo_robot/build/lib/modelo_robot
[0.700s] running install
[0.700s] running install_lib
[0.701s] creating /home/administrador/youtube_robot/install/modelo_robot/lib/python3.8/site-packages/modelo_robot
[0.701s] copying /home/administrador/youtube_robot/build/modelo_robot/build/lib/modelo_robot/__init__.py -> /home/administrador/youtube_robot/install/modelo_robot/lib/python3.8/site-packages/modelo_robot
[0.701s] byte-compiling /home/administrador/youtube_robot/install/modelo_robot/lib/python3.8/site-packages/modelo_robot/__init__.py to __init__.cpython-38.pyc
[0.702s] running install_data
[0.703s] creating /home/administrador/youtube_robot/install/modelo_robot/share/ament_index
[0.703s] creating /home/administrador/youtube_robot/install/modelo_robot/share/ament_index/resource_index
[0.703s] creating /home/administrador/youtube_robot/install/modelo_robot/share/ament_index/resource_index/packages
[0.703s] copying resource/modelo_robot -> /home/administrador/youtube_robot/install/modelo_robot/share/ament_index/resource_index/packages
[0.703s] copying package.xml -> /home/administrador/youtube_robot/install/modelo_robot/share/modelo_robot
[0.703s] creating /home/administrador/youtube_robot/install/modelo_robot/share/modelo_robot/urdf
[0.703s] creating /home/administrador/youtube_robot/install/modelo_robot/share/modelo_robot/launch
[0.703s] copying launch/display.launch.py -> /home/administrador/youtube_robot/install/modelo_robot/share/modelo_robot/launch
[0.703s] creating /home/administrador/youtube_robot/install/modelo_robot/share/modelo_robot/meshes
[0.703s] creating /home/administrador/youtube_robot/install/modelo_robot/share/modelo_robot/worlds
[0.703s] running install_egg_info
[0.704s] Copying ../../build/modelo_robot/modelo_robot.egg-info to /home/administrador/youtube_robot/install/modelo_robot/lib/python3.8/site-packages/modelo_robot-0.0.0-py3.8.egg-info
[0.705s] running install_scripts
[0.717s] writing list of installed files to '/home/administrador/youtube_robot/build/modelo_robot/install.log'
[0.730s] Invoked command in '/home/administrador/youtube_robot/src/modelo_robot' returned '0': PYTHONPATH=/home/administrador/youtube_robot/build/modelo_robot/prefix_override:/usr/lib/python3/dist-packages/colcon_core/task/python/colcon_distutils_commands:/home/administrador/youtube_robot/install/modelo_robot/lib/python3.8/site-packages:${PYTHONPATH} /usr/bin/python3 -W ignore:setup.py install is deprecated setup.py egg_info --egg-base ../../build/modelo_robot build --build-base /home/administrador/youtube_robot/build/modelo_robot/build install --record /home/administrador/youtube_robot/build/modelo_robot/install.log --install-scripts $base/lib/modelo_robot --single-version-externally-managed install_data
