/home/administrador/repo_siro/siro-robot/install/modelo_robot/lib/python3.8/site-packages/modelo_robot/__init__.py
/home/administrador/repo_siro/siro-robot/install/modelo_robot/lib/python3.8/site-packages/modelo_robot/__pycache__/__init__.cpython-38.pyc
/home/administrador/repo_siro/siro-robot/install/modelo_robot/share/ament_index/resource_index/packages/modelo_robot
/home/administrador/repo_siro/siro-robot/install/modelo_robot/share/modelo_robot/package.xml
/home/administrador/repo_siro/siro-robot/install/modelo_robot/share/modelo_robot/urdf/Seguidor_linea_robot.urdf
/home/administrador/repo_siro/siro-robot/install/modelo_robot/share/modelo_robot/launch/display.launch.py
/home/administrador/repo_siro/siro-robot/install/modelo_robot/share/modelo_robot/meshes/Ensamble_5.stl
/home/administrador/repo_siro/siro-robot/install/modelo_robot/share/modelo_robot/meshes/Rueda_castor_link.STL
/home/administrador/repo_siro/siro-robot/install/modelo_robot/share/modelo_robot/meshes/Ensamble_6_Pinza.stl
/home/administrador/repo_siro/siro-robot/install/modelo_robot/share/modelo_robot/meshes/Ensamble_2.stl
/home/administrador/repo_siro/siro-robot/install/modelo_robot/share/modelo_robot/meshes/base_link.STL
/home/administrador/repo_siro/siro-robot/install/modelo_robot/share/modelo_robot/meshes/Rueda_izquierda_link.STL
/home/administrador/repo_siro/siro-robot/install/modelo_robot/share/modelo_robot/meshes/Ensamble_3.stl
/home/administrador/repo_siro/siro-robot/install/modelo_robot/share/modelo_robot/meshes/Rueda_derecha_link.STL
/home/administrador/repo_siro/siro-robot/install/modelo_robot/share/modelo_robot/meshes/Base_castor_link.STL
/home/administrador/repo_siro/siro-robot/install/modelo_robot/share/modelo_robot/meshes/Ensamble_4.stl
/home/administrador/repo_siro/siro-robot/install/modelo_robot/share/modelo_robot/meshes/Ensamble_1.stl
/home/administrador/repo_siro/siro-robot/install/modelo_robot/share/modelo_robot/worlds
/home/administrador/repo_siro/siro-robot/install/modelo_robot/share/modelo_robot/config
/home/administrador/repo_siro/siro-robot/install/modelo_robot/lib/python3.8/site-packages/modelo_robot-0.0.0-py3.8.egg-info/SOURCES.txt
/home/administrador/repo_siro/siro-robot/install/modelo_robot/lib/python3.8/site-packages/modelo_robot-0.0.0-py3.8.egg-info/requires.txt
/home/administrador/repo_siro/siro-robot/install/modelo_robot/lib/python3.8/site-packages/modelo_robot-0.0.0-py3.8.egg-info/entry_points.txt
/home/administrador/repo_siro/siro-robot/install/modelo_robot/lib/python3.8/site-packages/modelo_robot-0.0.0-py3.8.egg-info/dependency_links.txt
/home/administrador/repo_siro/siro-robot/install/modelo_robot/lib/python3.8/site-packages/modelo_robot-0.0.0-py3.8.egg-info/zip-safe
/home/administrador/repo_siro/siro-robot/install/modelo_robot/lib/python3.8/site-packages/modelo_robot-0.0.0-py3.8.egg-info/top_level.txt
/home/administrador/repo_siro/siro-robot/install/modelo_robot/lib/python3.8/site-packages/modelo_robot-0.0.0-py3.8.egg-info/PKG-INFO
