[0.512s] Invoking command in '/home/administrador/youtube_robot/src/modelo_robot': PYTHONPATH=/home/administrador/youtube_robot/build/modelo_robot/prefix_override:/usr/lib/python3/dist-packages/colcon_core/task/python/colcon_distutils_commands:/home/administrador/youtube_robot/install/modelo_robot/lib/python3.8/site-packages:${PYTHONPATH} /usr/bin/python3 -W ignore:setup.py install is deprecated setup.py egg_info --egg-base ../../build/modelo_robot build --build-base /home/administrador/youtube_robot/build/modelo_robot/build install --record /home/administrador/youtube_robot/build/modelo_robot/install.log --install-scripts $base/lib/modelo_robot --single-version-externally-managed install_data
[0.677s] running egg_info
[0.677s] writing ../../build/modelo_robot/modelo_robot.egg-info/PKG-INFO
[0.678s] writing dependency_links to ../../build/modelo_robot/modelo_robot.egg-info/dependency_links.txt
[0.678s] writing entry points to ../../build/modelo_robot/modelo_robot.egg-info/entry_points.txt
[0.678s] writing requirements to ../../build/modelo_robot/modelo_robot.egg-info/requires.txt
[0.678s] writing top-level names to ../../build/modelo_robot/modelo_robot.egg-info/top_level.txt
[0.704s] reading manifest file '../../build/modelo_robot/modelo_robot.egg-info/SOURCES.txt'
[0.705s] writing manifest file '../../build/modelo_robot/modelo_robot.egg-info/SOURCES.txt'
[0.705s] running build
[0.705s] running build_py
[0.705s] running install
[0.705s] running install_lib
[0.706s] running install_data
[0.706s] copying urdf/Seguidor_linea_robot.urdf -> /home/administrador/youtube_robot/install/modelo_robot/share/modelo_robot/urdf
[0.707s] running install_egg_info
[0.708s] removing '/home/administrador/youtube_robot/install/modelo_robot/lib/python3.8/site-packages/modelo_robot-0.0.0-py3.8.egg-info' (and everything under it)
[0.708s] Copying ../../build/modelo_robot/modelo_robot.egg-info to /home/administrador/youtube_robot/install/modelo_robot/lib/python3.8/site-packages/modelo_robot-0.0.0-py3.8.egg-info
[0.709s] running install_scripts
[0.721s] writing list of installed files to '/home/administrador/youtube_robot/build/modelo_robot/install.log'
[0.732s] Invoked command in '/home/administrador/youtube_robot/src/modelo_robot' returned '0': PYTHONPATH=/home/administrador/youtube_robot/build/modelo_robot/prefix_override:/usr/lib/python3/dist-packages/colcon_core/task/python/colcon_distutils_commands:/home/administrador/youtube_robot/install/modelo_robot/lib/python3.8/site-packages:${PYTHONPATH} /usr/bin/python3 -W ignore:setup.py install is deprecated setup.py egg_info --egg-base ../../build/modelo_robot build --build-base /home/administrador/youtube_robot/build/modelo_robot/build install --record /home/administrador/youtube_robot/build/modelo_robot/install.log --install-scripts $base/lib/modelo_robot --single-version-externally-managed install_data
