[0.680s] Invoking command in '/home/administrador/youtube_robot/src/modelo_robot': PYTHONPATH=/home/administrador/youtube_robot/src/build/modelo_robot/prefix_override:/usr/lib/python3/dist-packages/colcon_core/task/python/colcon_distutils_commands:/home/administrador/youtube_robot/src/install/modelo_robot/lib/python3.8/site-packages:${PYTHONPATH} /usr/bin/python3 -W ignore:setup.py install is deprecated setup.py egg_info --egg-base ../build/modelo_robot build --build-base /home/administrador/youtube_robot/src/build/modelo_robot/build install --record /home/administrador/youtube_robot/src/build/modelo_robot/install.log --install-scripts $base/lib/modelo_robot --single-version-externally-managed install_data
[0.885s] running egg_info
[0.885s] creating ../build/modelo_robot/modelo_robot.egg-info
[0.885s] writing ../build/modelo_robot/modelo_robot.egg-info/PKG-INFO
[0.885s] writing dependency_links to ../build/modelo_robot/modelo_robot.egg-info/dependency_links.txt
[0.885s] writing entry points to ../build/modelo_robot/modelo_robot.egg-info/entry_points.txt
[0.886s] writing requirements to ../build/modelo_robot/modelo_robot.egg-info/requires.txt
[0.886s] writing top-level names to ../build/modelo_robot/modelo_robot.egg-info/top_level.txt
[0.897s] writing manifest file '../build/modelo_robot/modelo_robot.egg-info/SOURCES.txt'
[0.936s] reading manifest file '../build/modelo_robot/modelo_robot.egg-info/SOURCES.txt'
[0.937s] writing manifest file '../build/modelo_robot/modelo_robot.egg-info/SOURCES.txt'
[0.937s] running build
[0.938s] running build_py
[0.938s] creating /home/administrador/youtube_robot/src/build/modelo_robot/build
[0.938s] creating /home/administrador/youtube_robot/src/build/modelo_robot/build/lib
[0.938s] creating /home/administrador/youtube_robot/src/build/modelo_robot/build/lib/modelo_robot
[0.938s] copying modelo_robot/__init__.py -> /home/administrador/youtube_robot/src/build/modelo_robot/build/lib/modelo_robot
[0.938s] running install
[0.939s] running install_lib
[0.939s] creating /home/administrador/youtube_robot/src/install/modelo_robot/lib/python3.8/site-packages/modelo_robot
[0.940s] copying /home/administrador/youtube_robot/src/build/modelo_robot/build/lib/modelo_robot/__init__.py -> /home/administrador/youtube_robot/src/install/modelo_robot/lib/python3.8/site-packages/modelo_robot
[0.940s] byte-compiling /home/administrador/youtube_robot/src/install/modelo_robot/lib/python3.8/site-packages/modelo_robot/__init__.py to __init__.cpython-38.pyc
[0.941s] running install_data
[0.941s] creating /home/administrador/youtube_robot/src/install/modelo_robot/share/ament_index
[0.941s] creating /home/administrador/youtube_robot/src/install/modelo_robot/share/ament_index/resource_index
[0.941s] creating /home/administrador/youtube_robot/src/install/modelo_robot/share/ament_index/resource_index/packages
[0.941s] copying resource/modelo_robot -> /home/administrador/youtube_robot/src/install/modelo_robot/share/ament_index/resource_index/packages
[0.941s] copying package.xml -> /home/administrador/youtube_robot/src/install/modelo_robot/share/modelo_robot
[0.942s] running install_egg_info
[0.943s] Copying ../build/modelo_robot/modelo_robot.egg-info to /home/administrador/youtube_robot/src/install/modelo_robot/lib/python3.8/site-packages/modelo_robot-0.0.0-py3.8.egg-info
[0.944s] running install_scripts
[0.957s] writing list of installed files to '/home/administrador/youtube_robot/src/build/modelo_robot/install.log'
[0.975s] Invoked command in '/home/administrador/youtube_robot/src/modelo_robot' returned '0': PYTHONPATH=/home/administrador/youtube_robot/src/build/modelo_robot/prefix_override:/usr/lib/python3/dist-packages/colcon_core/task/python/colcon_distutils_commands:/home/administrador/youtube_robot/src/install/modelo_robot/lib/python3.8/site-packages:${PYTHONPATH} /usr/bin/python3 -W ignore:setup.py install is deprecated setup.py egg_info --egg-base ../build/modelo_robot build --build-base /home/administrador/youtube_robot/src/build/modelo_robot/build install --record /home/administrador/youtube_robot/src/build/modelo_robot/install.log --install-scripts $base/lib/modelo_robot --single-version-externally-managed install_data
